[    0.000000] Initializing cgroup subsys cpuset
[    0.000000] Initializing cgroup subsys cpu
[    0.000000] Initializing cgroup subsys cpuacct
[    0.000000] Linux version 4.4.0-178-generic (buildd@lgw01-amd64-017) (gcc version 5.4.0 20160609 (Ubuntu 5.4.0-6ubuntu1~16.04.12) ) #208-Ubuntu SMP Sun Apr 5 23:45:10 UTC 2020 (Ubuntu 4.4.0-178.208-generic 4.4.217)
[    0.000000] Command line: BOOT_IMAGE=/boot/vmlinuz-4.4.0-178-generic root=UUID=3ec9c697-57a3-436c-b96d-029b3a1fefd5 ro console=tty1 console=ttyS0
[    0.000000] KERNEL supported cpus:
[    0.000000]   Intel GenuineIntel
[    0.000000]   AMD AuthenticAMD
[    0.000000]   Centaur CentaurHauls
[    0.000000] [Firmware Bug]: TSC doesn't count with P0 frequency!
[    0.000000] x86/fpu: xstate_offset[2]:  576, xstate_sizes[2]:  256
[    0.000000] x86/fpu: Supporting XSAVE feature 0x01: 'x87 floating point registers'
[    0.000000] x86/fpu: Supporting XSAVE feature 0x02: 'SSE registers'
[    0.000000] x86/fpu: Supporting XSAVE feature 0x04: 'AVX registers'
[    0.000000] x86/fpu: Enabled xstate features 0x7, context size is 832 bytes, using 'standard' format.
[    0.000000] e820: BIOS-provided physical RAM map:
[    0.000000] BIOS-e820: [mem 0x0000000000000000-0x000000000009fbff] usable
[    0.000000] BIOS-e820: [mem 0x000000000009fc00-0x000000000009ffff] reserved
[    0.000000] BIOS-e820: [mem 0x00000000000f0000-0x00000000000fffff] reserved
[    0.000000] BIOS-e820: [mem 0x0000000000100000-0x000000003ffeffff] usable
[    0.000000] BIOS-e820: [mem 0x000000003fff0000-0x000000003fffffff] ACPI data
[    0.000000] BIOS-e820: [mem 0x00000000fec00000-0x00000000fec00fff] reserved
[    0.000000] BIOS-e820: [mem 0x00000000fee00000-0x00000000fee00fff] reserved
[    0.000000] BIOS-e820: [mem 0x00000000fffc0000-0x00000000ffffffff] reserved
[    0.000000] NX (Execute Disable) protection: active
[    0.000000] SMBIOS 2.5 present.
[    0.000000] Hypervisor detected: KVM
[    0.000000] Kernel/User page tables isolation: disabled
[    0.000000] e820: last_pfn = 0x3fff0 max_arch_pfn = 0x400000000
[    0.000000] MTRR: Disabled
[    0.000000] x86/PAT: MTRRs disabled, skipping PAT initialization too.
[    0.000000] CPU MTRRs all blank - virtualized system.
[    0.000000] x86/PAT: Configuration [0-7]: WB  WT  UC- UC  WB  WT  UC- UC  
[    0.000000] found SMP MP-table at [mem 0x0009fff0-0x0009ffff] mapped at [ffff88000009fff0]
[    0.000000] Scanning 1 areas for low memory corruption
[    0.000000] RAMDISK: [mem 0x361c8000-0x370dbfff]
[    0.000000] ACPI: Early table checksum verification disabled
[    0.000000] ACPI: RSDP 0x00000000000E0000 000024 (v02 VBOX  )
[    0.000000] ACPI: XSDT 0x000000003FFF0030 00003C (v01 VBOX   VBOXXSDT 00000001 ASL  00000061)
[    0.000000] ACPI: FACP 0x000000003FFF00F0 0000F4 (v04 VBOX   VBOXFACP 00000001 ASL  00000061)
[    0.000000] ACPI: DSDT 0x000000003FFF0470 002325 (v02 VBOX   VBOXBIOS 00000002 INTL 20100528)
[    0.000000] ACPI: FACS 0x000000003FFF0200 000040
[    0.000000] ACPI: FACS 0x000000003FFF0200 000040
[    0.000000] ACPI: APIC 0x000000003FFF0240 00005C (v02 VBOX   VBOXAPIC 00000001 ASL  00000061)
[    0.000000] ACPI: SSDT 0x000000003FFF02A0 0001CC (v01 VBOX   VBOXCPUT 00000002 INTL 20100528)
[    0.000000] No NUMA configuration found
[    0.000000] Faking a node at [mem 0x0000000000000000-0x000000003ffeffff]
[    0.000000] NODE_DATA(0) allocated [mem 0x3ffeb000-0x3ffeffff]
[    0.000000] kvm-clock: Using msrs 4b564d01 and 4b564d00
[    0.000000] kvm-clock: cpu 0, msr 0:3ffe3001, primary cpu clock
[    0.000000] kvm-clock: using sched offset of 5942221661 cycles
[    0.000000] clocksource: kvm-clock: mask: 0xffffffffffffffff max_cycles: 0x1cd42e4dffb, max_idle_ns: 881590591483 ns
[    0.000000] Zone ranges:
[    0.000000]   DMA      [mem 0x0000000000001000-0x0000000000ffffff]
[    0.000000]   DMA32    [mem 0x0000000001000000-0x000000003ffeffff]
[    0.000000]   Normal   empty
[    0.000000]   Device   empty
[    0.000000] Movable zone start for each node
[    0.000000] Early memory node ranges
[    0.000000]   node   0: [mem 0x0000000000001000-0x000000000009efff]
[    0.000000]   node   0: [mem 0x0000000000100000-0x000000003ffeffff]
[    0.000000] Initmem setup node 0 [mem 0x0000000000001000-0x000000003ffeffff]
[    0.000000] ACPI: PM-Timer IO Port: 0x4008
[    0.000000] IOAPIC[0]: apic_id 2, version 32, address 0xfec00000, GSI 0-23
[    0.000000] ACPI: INT_SRC_OVR (bus 0 bus_irq 0 global_irq 2 dfl dfl)
[    0.000000] ACPI: INT_SRC_OVR (bus 0 bus_irq 9 global_irq 9 low level)
[    0.000000] Using ACPI (MADT) for SMP configuration information
[    0.000000] smpboot: Allowing 2 CPUs, 0 hotplug CPUs
[    0.000000] PM: Registered nosave memory: [mem 0x00000000-0x00000fff]
[    0.000000] PM: Registered nosave memory: [mem 0x0009f000-0x0009ffff]
[    0.000000] PM: Registered nosave memory: [mem 0x000a0000-0x000effff]
[    0.000000] PM: Registered nosave memory: [mem 0x000f0000-0x000fffff]
[    0.000000] e820: [mem 0x40000000-0xfebfffff] available for PCI devices
[    0.000000] Booting paravirtualized kernel on KVM
[    0.000000] clocksource: refined-jiffies: mask: 0xffffffff max_cycles: 0xffffffff, max_idle_ns: 7645519600211568 ns
[    0.000000] setup_percpu: NR_CPUS:512 nr_cpumask_bits:512 nr_cpu_ids:2 nr_node_ids:1
[    0.000000] PERCPU: Embedded 33 pages/cpu @ffff88003fc00000 s95448 r8192 d31528 u1048576
[    0.000000] Built 1 zonelists in Node order, mobility grouping on.  Total pages: 257912
[    0.000000] Policy zone: DMA32
[    0.000000] Kernel command line: BOOT_IMAGE=/boot/vmlinuz-4.4.0-178-generic root=UUID=3ec9c697-57a3-436c-b96d-029b3a1fefd5 ro console=tty1 console=ttyS0
[    0.000000] PID hash table entries: 4096 (order: 3, 32768 bytes)
[    0.000000] Memory: 997112K/1048120K available (8626K kernel code, 1336K rwdata, 4036K rodata, 1488K init, 1292K bss, 51008K reserved, 0K cma-reserved)
[    0.000000] SLUB: HWalign=64, Order=0-3, MinObjects=0, CPUs=2, Nodes=1
[    0.000000] Hierarchical RCU implementation.
[    0.000000] 	Build-time adjustment of leaf fanout to 64.
[    0.000000] 	RCU restricting CPUs from NR_CPUS=512 to nr_cpu_ids=2.
[    0.000000] RCU: Adjusting geometry for rcu_fanout_leaf=64, nr_cpu_ids=2
[    0.000000] NR_IRQS:33024 nr_irqs:440 16
[    0.000000] Console: colour VGA+ 80x25
[    0.000000] console [tty1] enabled
[    0.000000] console [ttyS0] enabled
[    0.000000] tsc: Detected 1497.195 MHz processor
[    0.509954] Calibrating delay loop (skipped) preset value.. 2994.39 BogoMIPS (lpj=5988780)
[    0.518631] pid_max: default: 32768 minimum: 301
[    0.522175] ACPI: Core revision 20150930
[    0.529557] ACPI: 2 ACPI AML tables successfully acquired and loaded
[    0.534623] Security Framework initialized
[    0.537826] Yama: becoming mindful.
[    0.546091] AppArmor: AppArmor initialized
[    0.550218] Dentry cache hash table entries: 131072 (order: 8, 1048576 bytes)
[    0.561740] Inode-cache hash table entries: 65536 (order: 7, 524288 bytes)
[    0.575337] Mount-cache hash table entries: 2048 (order: 2, 16384 bytes)
[    0.580194] Mountpoint-cache hash table entries: 2048 (order: 2, 16384 bytes)
[    0.585573] Initializing cgroup subsys io
[    0.588726] Initializing cgroup subsys memory
[    0.591913] Initializing cgroup subsys devices
[    0.595805] Initializing cgroup subsys freezer
[    0.601208] Initializing cgroup subsys net_cls
[    0.606360] Initializing cgroup subsys perf_event
[    0.610056] Initializing cgroup subsys net_prio
[    0.616121] Initializing cgroup subsys hugetlb
[    0.621283] Initializing cgroup subsys pids
[    0.626767] BIOS may not properly restore RDRAND after suspend, but hypervisor does not support hiding RDRAND via CPUID.
[    0.636596] Disabling Indirect Branch Predictor Support
[    0.671226] mce: CPU supports 0 MCE banks
[    0.675165] Last level iTLB entries: 4KB 512, 2MB 8, 4MB 4
[    0.679504] Last level dTLB entries: 4KB 512, 2MB 256, 4MB 128, 1GB 0
[    0.683716] Spectre V1 : Mitigation: usercopy/swapgs barriers and __user pointer sanitization
[    0.689729] Spectre V2 : Spectre mitigation: LFENCE not serializing, switching to generic retpoline
[    0.697202] Spectre V2 : Mitigation: Full generic retpoline
[    0.702957] Spectre V2 : Spectre v2 / SpectreRSB mitigation: Filling RSB on context switch
[    0.710627] Speculative Store Bypass: Mitigation: Speculative Store Bypass disabled via prctl and seccomp
[    0.727869] Freeing SMP alternatives memory: 36K
[    0.752889] ftrace: allocating 32308 entries in 127 pages
[    0.945777] smpboot: APIC(0) Converting physical 0 to logical package 0
[    0.951799] smpboot: Max logical packages: 1
[    0.956226] x2apic enabled
[    0.959664] Switched APIC routing to physical x2apic.
[    0.969892] ..TIMER: vector=0x30 apic1=0 pin1=2 apic2=-1 pin2=-1
[    1.083705] APIC calibration not consistent with PM-Timer: 153ms instead of 100ms
[    1.091769] APIC delta adjusted to PM-Timer: 6282253 (9640110)
[    1.096337] smpboot: CPU0: AMD E2-6110 APU with AMD Radeon R2 Graphics (family: 0x16, model: 0x30, stepping: 0x1)
[    1.108951] Performance Events: Broken PMU hardware detected, using software events only.
[    1.119100] Failed to access perfctr msr (MSR c0010007 is 0)
[    1.165971] KVM setup paravirtual spinlock
[    1.171164] x86: Booting SMP configuration:
[    1.174494] .... node  #0, CPUs:      #1
[    1.177513] kvm-clock: cpu 1, msr 0:3ffe3041, secondary cpu clock
[    1.203983] mce: CPU supports 0 MCE banks
[    1.208041] x86: Booted up 1 node, 2 CPUs
[    1.211890] smpboot: Total of 2 processors activated (5988.78 BogoMIPS)
[    1.217669] devtmpfs: initialized
[    1.227594] evm: security.selinux
[    1.230198] evm: security.SMACK64
[    1.232838] evm: security.SMACK64EXEC
[    1.235556] evm: security.SMACK64TRANSMUTE
[    1.238539] evm: security.SMACK64MMAP
[    1.241314] evm: security.ima
[    1.243670] evm: security.capability
[    1.253846] clocksource: jiffies: mask: 0xffffffff max_cycles: 0xffffffff, max_idle_ns: 7645041785100000 ns
[    1.260591] futex hash table entries: 512 (order: 3, 32768 bytes)
[    1.265345] pinctrl core: initialized pinctrl subsystem
[    1.269321] RTC time: 14:09:31, date: 04/30/20
[    1.273265] NET: Registered protocol family 16
[    1.284931] cpuidle: using governor ladder
[    1.296574] cpuidle: using governor menu
[    1.299439] PCCT header not found.
[    1.303035] ACPI: bus type PCI registered
[    1.306022] acpiphp: ACPI Hot Plug PCI Controller Driver version: 0.5
[    1.310607] PCI: Using configuration type 1 for base access
[    1.314413] PCI: Using configuration type 1 for extended access
[    1.329174] ACPI: Added _OSI(Module Device)
[    1.332490] ACPI: Added _OSI(Processor Device)
[    1.335739] ACPI: Added _OSI(3.0 _SCP Extensions)
[    1.339041] ACPI: Added _OSI(Processor Aggregator Device)
[    1.344600] ACPI: Executed 1 blocks of module-level executable AML code
[    1.355879] ACPI: Interpreter enabled
[    1.358653] ACPI: (supports S0 S5)
[    1.361240] ACPI: Using IOAPIC for interrupt routing
[    1.365217] PCI: Using host bridge windows from ACPI; if necessary, use "pci=nocrs" and report a bug
[    1.384883] ACPI: PCI Root Bridge [PCI0] (domain 0000 [bus 00-ff])
[    1.388960] acpi PNP0A03:00: _OSC: OS supports [ExtendedConfig ASPM ClockPM Segments MSI]
[    1.397440] acpi PNP0A03:00: _OSC: platform does not support [PCIeCapability]
[    1.403080] acpi PNP0A03:00: _OSC: not requesting control; platform does not support [PCIeCapability]
[    1.409359] acpi PNP0A03:00: _OSC: OS requested [PCIeHotplug PME AER PCIeCapability]
[    1.451498] acpi PNP0A03:00: _OSC: platform willing to grant [PCIeHotplug PME AER]
[    1.457002] acpi PNP0A03:00: _OSC failed (AE_SUPPORT); disabling ASPM
[    1.462428] PCI host bridge to bus 0000:00
[    1.465368] pci_bus 0000:00: root bus resource [io  0x0000-0x0cf7 window]
[    1.470372] pci_bus 0000:00: root bus resource [io  0x0d00-0xffff window]
[    1.477954] pci_bus 0000:00: root bus resource [mem 0x000a0000-0x000bffff window]
[    1.483531] pci_bus 0000:00: root bus resource [mem 0x40000000-0xfdffffff window]
[    1.490526] pci_bus 0000:00: root bus resource [bus 00-ff]
[    1.501362] pci 0000:00:01.1: legacy IDE quirk: reg 0x10: [io  0x01f0-0x01f7]
[    1.506208] pci 0000:00:01.1: legacy IDE quirk: reg 0x14: [io  0x03f6]
[    1.510654] pci 0000:00:01.1: legacy IDE quirk: reg 0x18: [io  0x0170-0x0177]
[    1.515598] pci 0000:00:01.1: legacy IDE quirk: reg 0x1c: [io  0x0376]
[    1.578483] pci 0000:00:07.0: quirk: [io  0x4000-0x403f] claimed by PIIX4 ACPI
[    1.584282] pci 0000:00:07.0: quirk: [io  0x4100-0x410f] claimed by PIIX4 SMB
[    1.629311] ACPI: PCI Interrupt Link [LNKA] (IRQs 5 9 10 *11)
[    1.635123] ACPI: PCI Interrupt Link [LNKB] (IRQs 5 9 *10 11)
[    1.640274] ACPI: PCI Interrupt Link [LNKC] (IRQs 5 *9 10 11)
[    1.645422] ACPI: PCI Interrupt Link [LNKD] (IRQs 5 9 10 *11)
[    1.650657] ACPI: Enabled 2 GPEs in block 00 to 07
[    1.655215] vgaarb: setting as boot device: PCI:0000:00:02.0
[    1.658919] vgaarb: device added: PCI:0000:00:02.0,decodes=io+mem,owns=io+mem,locks=none
[    1.664675] vgaarb: loaded
[    1.667015] vgaarb: bridge control possible 0000:00:02.0
[    1.671328] SCSI subsystem initialized
[    1.674610] ACPI: bus type USB registered
[    1.677607] usbcore: registered new interface driver usbfs
[    1.681307] usbcore: registered new interface driver hub
[    1.685033] usbcore: registered new device driver usb
[    1.689177] PCI: Using ACPI for IRQ routing
[    1.693243] NetLabel: Initializing
[    1.695820] NetLabel:  domain hash size = 128
[    1.698988] NetLabel:  protocols = UNLABELED CIPSOv4
[    1.702440] NetLabel:  unlabeled traffic allowed by default
[    1.706663] amd_nb: Cannot enumerate AMD northbridges
[    1.710281] clocksource: Switched to clocksource kvm-clock
[    1.748143] AppArmor: AppArmor Filesystem Enabled
[    1.752768] pnp: PnP ACPI init
[    1.758638] pnp: PnP ACPI: found 3 devices
[    1.782164] clocksource: acpi_pm: mask: 0xffffff max_cycles: 0xffffff, max_idle_ns: 2085701024 ns
[    1.788487] NET: Registered protocol family 2
[    1.792167] TCP established hash table entries: 8192 (order: 4, 65536 bytes)
[    1.796805] TCP bind hash table entries: 8192 (order: 5, 131072 bytes)
[    1.800981] TCP: Hash tables configured (established 8192 bind 8192)
[    1.811714] UDP hash table entries: 512 (order: 2, 16384 bytes)
[    1.815774] UDP-Lite hash table entries: 512 (order: 2, 16384 bytes)
[    1.819977] NET: Registered protocol family 1
[    1.823100] pci 0000:00:00.0: Limiting direct PCI/PCI transfers
[    1.827022] pci 0000:00:01.0: Activating ISA DMA hang workarounds
[    1.831524] Unpacking initramfs...
[    2.603462] Freeing initrd memory: 15440K
[    2.606757] clocksource: tsc: mask: 0xffffffffffffffff max_cycles: 0x1594c8e3685, max_idle_ns: 440795214071 ns
[    2.614148] platform rtc_cmos: registered platform RTC device (no PNP device found)
[    2.620807] Scanning for low memory corruption every 60 seconds
[    2.626055] audit: initializing netlink subsys (disabled)
[    2.629920] audit: type=2000 audit(1588255779.152:1): initialized
[    2.635533] Initialise system trusted keyring
[    2.639287] HugeTLB registered 2 MB page size, pre-allocated 0 pages
[    2.648465] zbud: loaded
[    2.652278] VFS: Disk quotas dquot_6.6.0
[    2.655875] VFS: Dquot-cache hash table entries: 512 (order 0, 4096 bytes)
[    2.661485] squashfs: version 4.0 (2009/01/31) Phillip Lougher
[    2.677545] fuse init (API version 7.23)
[    2.684380] Key type big_key registered
[    2.699993] Allocating IMA MOK and blacklist keyrings.
[    2.724433] Key type asymmetric registered
[    2.736819] Asymmetric key parser 'x509' registered
[    2.751176] Block layer SCSI generic (bsg) driver version 0.4 loaded (major 249)
[    2.759736] io scheduler noop registered
[    2.766646] io scheduler deadline registered (default)
[    2.773080] io scheduler cfq registered
[    2.777129] pci_hotplug: PCI Hot Plug PCI Core version: 0.5
[    2.782913] pciehp: PCI Express Hot Plug Controller Driver version: 0.4
[    2.791631] ACPI: AC Adapter [AC] (on-line)
[    2.799359] input: Power Button as /devices/LNXSYSTM:00/LNXPWRBN:00/input/input0
[    2.809798] ACPI: Power Button [PWRF]
[    2.815971] input: Sleep Button as /devices/LNXSYSTM:00/LNXSLPBN:00/input/input1
[    2.822193] ACPI: Sleep Button [SLPF]
[    2.833712] GHES: HEST is not enabled!
[    2.836265] ACPI: Battery Slot [BAT0] (battery present)
[    2.843715] Serial: 8250/16550 driver, 32 ports, IRQ sharing enabled
   2.875413] 00:02: ttyS0 at I/O 0x3f8 (irq = 4, base_baud = 115200) is a 16550A
[    3.069785] Linux agpgart interface v0.103
[    3.080662] loop: module loaded
[    3.085786] scsi host0: ata_piix
[    3.089194] scsi host1: ata_piix
[    3.092019] ata1: PATA max UDMA/33 cmd 0x1f0 ctl 0x3f6 bmdma 0xd000 irq 14
[    3.100644] ata2: PATA max UDMA/33 cmd 0x170 ctl 0x376 bmdma 0xd008 irq 15
[    3.106568] libphy: Fixed MDIO Bus: probed
[    3.109800] tun: Universal TUN/TAP device driver, 1.6
[    3.113398] tun: (C) 1999-2004 Max Krasnyansky <maxk@qualcomm.com>
[    3.118972] PPP generic driver version 2.4.2
[    3.124410] ehci_hcd: USB 2.0 'Enhanced' Host Controller (EHCI) Driver
[    3.133864] ehci-pci: EHCI PCI platform driver
[    3.137835] ehci-platform: EHCI generic platform driver
[    3.144544] ohci_hcd: USB 1.1 'Open' Host Controller (OHCI) Driver
[    3.154854] ohci-pci: OHCI PCI platform driver
[    3.159867] ohci-platform: OHCI generic platform driver
[    3.168932] uhci_hcd: USB Universal Host Controller Interface driver
[    3.186956] i8042: PNP: PS/2 Controller [PNP0303:PS2K,PNP0f03:PS2M] at 0x60,0x64 irq 1,12
[    3.195177] serio: i8042 KBD port at 0x60,0x64 irq 1
[    3.199811] serio: i8042 AUX port at 0x60,0x64 irq 12
[    3.204374] mousedev: PS/2 mouse device common for all mice
[    3.209584] input: AT Translated Set 2 keyboard as /devices/platform/i8042/serio0/input/input2
[    3.216610] rtc_cmos rtc_cmos: rtc core: registered rtc_cmos as rtc0
[    3.216852] rtc_cmos rtc_cmos: alarms up to one day, 114 bytes nvram
[    3.216885] i2c /dev entries driver
[    3.217065] device-mapper: uevent: version 1.0.3
[    3.217239] device-mapper: ioctl: 4.34.0-ioctl (2015-10-28) initialised: dm-devel@redhat.com
[    3.217400] ledtrig-cpu: registered to indicate activity on CPUs
[    3.217851] x86/pm: family 0x16 cpu detected, MSR saving is needed during suspending.
[    3.218498] NET: Registered protocol family 10
[    3.219280] NET: Registered protocol family 17
[    3.219321] Key type dns_resolver registered
[    3.220108] registered taskstats version 1
[    3.220141] Loading compiled-in X.509 certificates
[    3.222505] Loaded X.509 cert 'Build time autogenerated kernel key: f33c437cc9123d9712070bdfe932b55b24c56047'
[    3.222609] zswap: loaded using pool lzo/zbud
[    3.228869] Key type trusted registered
[    3.244133] Key type encrypted registered
[    3.244152] AppArmor: AppArmor sha1 policy hashing enabled
[    3.244160] ima: No TPM chip found, activating TPM-bypass!
[    3.244185] ima: Allocated hash algorithm: sha1
[    3.244224] evm: HMAC attrs: 0x1
[    3.245359]   Magic number: 0:344:183
[    3.253279] rtc_cmos rtc_cmos: setting system clock to 2020-04-30 14:09:33 UTC (1588255773)
[    3.253694] BIOS EDD facility v0.16 2004-Jun-25, 0 devices found
[    3.253694] EDD information not available.
[    3.331974] Freeing unused kernel memory: 1488K
[    3.352147] Write protecting the kernel read-only data: 14336k
[    3.358181] Freeing unused kernel memory: 1604K
[    3.362354] Freeing unused kernel memory: 60K
Loading, please wait...
starting version 229
[    3.410086] random: systemd-udevd: uninitialized urandom read (16 bytes read, 3 bits of entropy available)
[    3.413007] random: udevadm: uninitialized urandom read (16 bytes read, 3 bits of entropy available)
[    3.413078] random: udevadm: uninitialized urandom read (16 bytes read, 3 bits of entropy available)
[    3.431262] random: systemd-udevd: uninitialized urandom read (16 bytes read, 3 bits of entropy available)
[    3.440406] random: systemd-udevd: uninitialized urandom read (16 bytes read, 3 bits of entropy available)
[    3.447626] random: systemd-udevd: uninitialized urandom read (16 bytes read, 3 bits of entropy available)
[    3.454851] random: udevadm: uninitialized urandom read (16 bytes read, 3 bits of entropy available)
[    3.461036] random: systemd-udevd: uninitialized urandom read (16 bytes read, 3 bits of entropy available)
[    3.461105] random: systemd-udevd: uninitialized urandom read (16 bytes read, 3 bits of entropy available)
[    3.461158] random: systemd-udevd: uninitialized urandom read (16 bytes read, 3 bits of entropy available)
[    3.663387] e1000: Intel(R) PRO/1000 Network Driver - version 7.3.21-k8-NAPI
[    3.670065] e1000: Copyright (c) 1999-2006 Intel Corporation.
[    3.681338] Fusion MPT base driver 3.04.20
[    3.684696] Copyright (c) 1999-2008 LSI Corporation
[    3.827907] Fusion MPT SPI Host driver 3.04.20
[    3.940846] input: ImExPS/2 Generic Explorer Mouse as /devices/platform/i8042/serio1/input/input4
[    4.117806] AVX version of gcm_enc/dec engaged.
[    4.125143] AES CTR mode by8 optimization enabled
[    4.641080] e1000 0000:00:03.0 eth0: (PCI:33MHz:32-bit) 02:0a:da:58:a4:e2
[    4.696559] e1000 0000:00:03.0 eth0: Intel(R) PRO/1000 Network Connection
[    4.706036] mptbase: ioc0: Initiating bringup
[    4.775794] ioc0: LSI53C1030 A0: Capabilities={Initiator}
[    4.952045] scsi host2: ioc0: LSI53C1030 A0, FwRev=00000000h, Ports=1, MaxQ=256, IRQ=20
[    5.079571] scsi 2:0:0:0: Direct-Access     VBOX     HARDDISK         1.0  PQ: 0 ANSI: 5
[    5.085608] scsi target2:0:0: Beginning Domain Validation
[    5.093354] scsi target2:0:0: Domain Validation skipping write tests
[    5.097821] scsi target2:0:0: Ending Domain Validation
[    5.101704] scsi target2:0:0: asynchronous
[    5.106038] scsi 2:0:1:0: Direct-Access     VBOX     HARDDISK         1.0  PQ: 0 ANSI: 5
[    5.112270] scsi target2:0:1: Beginning Domain Validation
[    5.119084] scsi target2:0:1: Domain Validation skipping write tests
[    5.123695] scsi target2:0:1: Ending Domain Validation
[    5.127817] scsi target2:0:1: asynchronous
[    5.153565] sd 2:0:0:0: Attached scsi generic sg0 type 0
[    5.158567] sd 2:0:1:0: Attached scsi generic sg1 type 0
[    5.166697] sd 2:0:1:0: [sdb] 20480 512-byte logical blocks: (10.5 MB/10.0 MiB)
[    5.172750] sd 2:0:0:0: [sda] 20971520 512-byte logical blocks: (10.7 GB/10.0 GiB)
[    5.179764] sd 2:0:1:0: [sdb] Write Protect is off
[    5.184018] sd 2:0:0:0: [sda] Write Protect is off
[    5.190528] sd 2:0:1:0: [sdb] Incomplete mode parameter data
[    5.198130] sd 2:0:1:0: [sdb] Assuming drive cache: write through
[    5.203337] sd 2:0:0:0: [sda] Incomplete mode parameter data
[    5.207671] sd 2:0:0:0: [sda] Assuming drive cache: write through
[    5.223209]  sda: sda1
[    5.228773] sd 2:0:1:0: [sdb] Attached SCSI disk
[    5.234209] sd 2:0:0:0: [sda] Attached SCSI disk
[    5.696317] e1000 0000:00:08.0 eth1: (PCI:33MHz:32-bit) 08:00:27:e6:05:d4
[    5.700867] e1000 0000:00:08.0 eth1: Intel(R) PRO/1000 Network Connection
[    5.710383] e1000 0000:00:08.0 enp0s8: renamed from eth1
[    5.727753] e1000 0000:00:03.0 enp0s3: renamed from eth0
Begin: Loading essential drivers ... [    8.258693] md: linear personality registered for level -1
[    8.274909] md: multipath personality registered for level -4
[    8.287908] md: raid0 personality registered for level 0
[    8.305319] md: raid1 personality registered for level 1
[    8.390911] raid6: sse2x1   gen()   701 MB/s
[    8.458393] raid6: sse2x1   xor()  1551 MB/s
[    8.526635] raid6: sse2x2   gen()  1189 MB/s
[    8.595026] raid6: sse2x2   xor()  1916 MB/s
[    8.662358] raid6: sse2x4   gen()  1958 MB/s
[    8.730779] raid6: sse2x4   xor()  2080 MB/s
[    8.733940] raid6: using algorithm sse2x4 gen() 1958 MB/s
[    8.737563] raid6: .... xor() 2080 MB/s, rmw enabled
[    8.740915] raid6: using ssse3x2 recovery algorithm
[    8.748312] xor: automatically using best checksumming function:
[    8.791216]    avx       :  4970.000 MB/sec
[    8.798466] async_tx: api initialized (async)
[    8.836268] md: raid6 personality registered for level 6
[    8.840127] md: raid5 personality registered for level 5
[    8.843986] md: raid4 personality registered for level 4
[    8.869596] md: raid10 personality registered for level 10
done.
Begin: Running /scripts/init-premount ... done.
Begin: Mounting root file system ... Begin: Running /scripts/local-top ... done.
Begin: Running /scripts/local-premount ... [    8.971449] Btrfs loaded
Scanning for Btrfs filesystems
done.
Warning: fsck not present, so skipping root file system
[    9.075313] EXT4-fs (sda1): INFO: recovery required on readonly filesystem
[    9.079750] EXT4-fs (sda1): write access will be enabled during recovery
[    9.289771] EXT4-fs (sda1): recovery complete
[    9.293452] EXT4-fs (sda1): mounted filesystem with ordered data mode. Opts: (null)
done.
Begin: Running /scripts/local-bottom ... done.
Begin: Running /scripts/init-bottom ... done.
[    9.759754] systemd[1]: systemd 229 running in system mode. (+PAM +AUDIT +SELINUX +IMA +APPARMOR +SMACK +SYSVINIT +UTMP +LIBCRYPTSETUP +GCRYPT +GNUTLS +ACL +XZ -LZ4 +SECCOMP +BLKID +ELFUTILS +KMOD -IDN)
[    9.771801] systemd[1]: Detected virtualization oracle.
[    9.775597] systemd[1]: Detected architecture x86-64.

Welcome to [1mUbuntu 16.04.6 LTS[0m!

[    9.793427] systemd[1]: Set hostname to <ubuntu-xenial>.
[   10.357537] systemd[1]: [/etc/systemd/system/snap-heroku-3883.mount:10] Unknown lvalue 'LazyUnmount' in section 'Mount'
[   10.382373] systemd[1]: [/etc/systemd/system/snap-core-9066.mount:10] Unknown lvalue 'LazyUnmount' in section 'Mount'
[   10.407403] systemd[1]: [/etc/systemd/system/snap-heroku-3882.mount:10] Unknown lvalue 'LazyUnmount' in section 'Mount'
[   10.443570] systemd[1]: Created slice System Slice.
[[0;32m  OK  [0m] Created slice System Slice.
[   10.450704] systemd[1]: Reached target User and Group Name Lookups.
[[0;32m  OK  [0m] Reached target User and Group Name Lookups.
[   10.458875] systemd[1]: Listening on Journal Socket (/dev/log).
[[0;32m  OK  [0m] Listening on Journal Socket (/dev/log).
[   10.467550] systemd[1]: Set up automount Arbitrary Executable File Formats File System Automount Point.
[[0;32m  OK  [0m] Set up automount Arbitrary Executab...ats File System Automount Point.
[   10.479249] systemd[1]: Reached target System Time Synchronized.
[[0;32m  OK  [0m] Reached target System Time Synchronized.
[   10.488393] systemd[1]: Reached target Swap.
[[0;32m  OK  [0m] Reached target Swap.
[   10.495432] systemd[1]: Listening on Journal Socket.
[[0;32m  OK  [0m] Listening on Journal Socket.
[   10.527108] systemd[1]: Starting Load Kernel Modules...
[   10.533739] random: nonblocking pool is initialized
         Starting Load Kernel Modules...
[   10.546690] systemd[1]: Mounting Huge Pages File System...
         Mounting Huge Pages File System...
[   10.575397] systemd[1]: Starting Remount Root and Kernel File Systems...
[   10.590330] Loading iSCSI transport class v2.0-870.
         Starting Remount Root and Kernel File Systems...
[   10.606930] systemd[1]: Starting Create list of required static device nodes for the current kernel...
         Starting Create list of required st... nodes for the current kernel...
[   10.643016] systemd[1]: Created slice User and Session Slice.
[[0;32m  OK  [0m] Created slice User and Session Slice.
[   10.660305] systemd[1]: Reached target Slices.
[   10.667102] EXT4-fs (sda1): re-mounted. Opts: (null)
[[0;32m  OK  [0m] Reached target Slices.
[   10.689057] systemd[1]: Created slice system-postgresql.slice.
[   10.697875] iscsi: registered transport (tcp)
[[0;32m  OK  [0m] Created slice system-postgresql.slice.
[   10.706293] systemd[1]: Reached target Encrypted Volumes.
[[0;32m  OK  [0m] Reached target Encrypted Volumes.
[   10.727316] systemd[1]: Starting Set console keymap...
         Starting Set console keymap...
[   10.737179] systemd[1]: Listening on Syslog Socket.
[[0;32m  OK  [0m] Listening on Syslog Socket.
[   10.746302] systemd[1]: Listening on Device-mapper event daemon FIFOs.
[[0;32m  OK  [0m] Listening on Device-mapper event daemon FIFOs.
[   10.756704] systemd[1]: Created slice system-serial\x2dgetty.slice.
[[0;32m  OK  [0m] Created slice system-serial\x2dgetty.slice.
[   10.769466] systemd[1]: Listening on Journal Audit Socket.
[[0;32m  OK  [0m] Listening on Journal Audit Socket.
[   10.806793] systemd[1]: Starting Journal Service...
         Starting Journal Service...
[   10.833907] systemd[1]: Starting Nameserver information manager...
         Starting Nameserver information manager...
[   10.870468] systemd[1]: Starting Uncomplicated firewall...
         Starting Uncomplicated firewall...
[   10.897670] systemd[1]: Mounting Debug File System...
         Mounting Debug File System...
[   10.908563] systemd[1]: Listening on LVM2 metadata daemon socket.
[[0;32m  OK  [0m] Listening on LVM2 metadata daemon socket.
[   10.942269] iscsi: registered transport (iser)
[   10.948114] systemd[1]: Mounting POSIX Message Queue File System...
         Mounting POSIX Message Queue File System...
[   10.967535] systemd[1]: Listening on udev Kernel Socket.
[[0;32m  OK  [0m] Listening on udev Kernel Socket.
[   10.984156] systemd[1]: Listening on udev Control Socket.
[[0;32m  OK  [0m] Listening on udev Control Socket.
[   11.011225] systemd[1]: Starting Monitoring of LVM2 mirrors, snapshots etc. using dmeventd or progress polling...
         Starting Monitoring of LVM2 mirrors... dmeventd or progress polling...
[   11.034839] systemd[1]: Listening on LVM2 poll daemon socket.
[[0;32m  OK  [0m] Listening on LVM2 poll daemon socket.
[   11.050588] systemd[1]: Started Trigger resolvconf update for networkd DNS.
[[0;32m  OK  [0m] Started Trigger resolvconf update for networkd DNS.
[   11.068544] systemd[1]: Started Forward Password Requests to Wall Directory Watch.
[[0;32m  OK  [0m] Started Forward Password Requests to Wall Directory Watch.
[   11.085420] systemd[1]: Listening on /dev/initctl Compatibility Named Pipe.
[[0;32m  OK  [0m] Listening on /dev/initctl Compatibility Named Pipe.
[   11.118376] systemd[1]: Mounted POSIX Message Queue File System.
[[0;32m  OK  [0m] Mounted POSIX Message Queue File System.
[   11.137452] systemd[1]: Mounted Huge Pages File System.
[[0;32m  OK  [0m] Mounted Huge Pages File System.
[   11.145604] systemd[1]: Mounted Debug File System.
[[0;32m  OK  [0m] Mounted Debug File System.
[   11.152756] systemd[1]: Started Journal Service.
[[0;32m  OK  [0m] Started Journal Service.
[[0;32m  OK  [0m] Started Load Kernel Modules.
[[0;32m  OK  [0m] Started Remount Root and Kernel File Systems.
[[0;32m  OK  [0m] Started Create list of required sta...ce nodes for the current kernel.
[[0;32m  OK  [0m] Started Set console keymap.
[[0;32m  OK  [0m] Started Uncomplicated firewall.
[[0;32m  OK  [0m] Started LVM2 metadata daemon.
         Starting Create Static Device Nodes in /dev...
         Starting Load/Save Random Seed...
         Starting udev Coldplug all Devices...
         Mounting FUSE Control File System...
         Starting Apply Kernel Variables...
         Starting Flush Journal to Persistent Storage...
[[0;32m  OK  [0m] Started Nameserver information manager.
[[0;32m  OK  [0m] Started Load/Save Random Seed.
[[0;32m  OK  [0m] Mounted FUSE Control File System.
[   11.706211] systemd-journald[398]: Received request to flush runtime journal from PID 1
[[0;32m  OK  [0m] Started Apply Kernel Variables.
[[0;32m  OK  [0m] Started Create Static Device Nodes in /dev.
         Starting udev Kernel Device Manager...
[[0;32m  OK  [0m] Started Flush Journal to Persistent Storage.
[[0;32m  OK  [0m] Started Monitoring of LVM2 mirrors,...ng dmeventd or progress polling.
[[0;32m  OK  [0m] Reached target Local File Systems (Pre).
         Mounting Mount unit for heroku, revision 3883...
         Mounting Mount unit for heroku, revision 3882...
[[0;32m  OK  [0m] Reached target Local File Systems.
         Starting Tell Plymouth To Write Out Runtime Data...
         Starting Initial cloud-init job (pre-networking)...
         Starting Set console font and keymap...
         Starting Create Volatile Files and Directories...
         Starting LSB: AppArmor initialization...
         Mounting Mount unit for core, revision 9066...
[[0;32m  OK  [0m] Mounted Mount unit for heroku, revision 3883.
[[0;32m  OK  [0m] Mounted Mount unit for heroku, revision 3882.
[[0;32m  OK  [0m] Started udev Coldplug all Devices.
[[0;32m  OK  [0m] Started Tell Plymouth To Write Out Runtime Data.
[[0;32m  OK  [0m] Started Create Volatile Files and Directories.
[[0;32m  OK  [0m] Mounted Mount unit for core, revision 9066.
         Starting Update UTMP about System Boot/Shutdown...
[[0;32m  OK  [0m] Started Update UTMP about System Boot/Shutdown.
[[0;32m  OK  [0m] Started udev Kernel Device Manager.
[[0;32m  OK  [0m] Started Dispatch Password Requests to Console Directory Watch.
[[0;32m  OK  [0m] Found device /dev/ttyS0.
[[0;32m  OK  [0m] Listening on Load/Save RF Kill Switch Status /dev/rfkill Watch.
[[0;32m  OK  [0m] Found device 82540EM Gigabit Ethern...r (PRO/1000 MT Desktop Adapter).
[[0;32m  OK  [0m] Started Set console font and keymap.
[[0;32m  OK  [0m] Started LSB: AppArmor initialization.
[[0;32m  OK  [0m] Found device 82540EM Gigabit Ethern...r (PRO/1000 MT Desktop Adapter).
[[0;32m  OK  [0m] Created slice system-getty.slice.
[   19.775573] cloud-init[491]: Cloud-init v. 19.4-33-gbb4131a2-0ubuntu1~16.04.1 running 'init-local' at Thu, 30 Apr 2020 14:09:49 +0000. Up 18.79 seconds.
[[0;32m  OK  [0m] Started Initial cloud-init job (pre-networking).
[[0;32m  OK  [0m] Reached target Network (Pre).
         Starting Raise network interfaces...
[[0;32m  OK  [0m] Started ifup for enp0s8.
[[0;32m  OK  [0m] Started ifup for enp0s3.
[[0;32m  OK  [0m] Started Raise network interfaces.
         Starting Initial cloud-init job (metadata service crawler)...
[[0;32m  OK  [0m] Reached target Network.
[   23.988458] cloud-init[1142]: Cloud-init v. 19.4-33-gbb4131a2-0ubuntu1~16.04.1 running 'init' at Thu, 30 Apr 2020 14:09:53 +0000. Up 21.91 seconds.
[   23.996710] cloud-init[1142]: ci-info: ++++++++++++++++++++++++++++++++++++++Net device info++++++++++++++++++++++++++++++++++++++
[   24.004119] cloud-init[1142]: ci-info: +--------+------+----------------------------+---------------+--------+-------------------+
[   24.010285] cloud-init[1142]: ci-info: | Device |  Up  |          Address           |      Mask     | Scope  |     Hw-Address    |
[   24.030134] cloud-init[1142]: ci-info: +--------+------+----------------------------+---------------+--------+-------------------+
[   24.038016] cloud-init[1142]: ci-info: | enp0s3 | True |         10.0.2.15          | 255.255.255.0 | global | 02:0a:da:58:a4:e2 |
[   24.046667] cloud-init[1142]: ci-info: | enp0s3 | True | fe80::a:daff:fe58:a4e2/64  |       .       |  link  | 02:0a:da:58:a4:e2 |
[   24.054677] cloud-init[1142]: ci-info: | enp0s8 | True |       192.168.33.10        | 255.255.255.0 | global | 08:00:27:e6:05:d4 |
[   24.085410] cloud-init[1142]: ci-info: | enp0s8 | True | fe80::a00:27ff:fee6:5d4/64 |       .       |  link  | 08:00:27:e6:05:d4 |
[   24.095832] cloud-init[1142]: ci-info: |   lo   | True |         127.0.0.1          |   255.0.0.0   |  host  |         .         |
[   24.105364] cloud-init[1142]: ci-info: |   lo   | True |          ::1/128           |       .       |  host  |         .         |
[   24.113577] cloud-init[1142]: ci-info: +--------+------+----------------------------+---------------+--------+-------------------+
[   24.121338] cloud-init[1142]: ci-info: ++++++++++++++++++++++++++++Route IPv4 info++++++++++++++++++++++++++++
[   24.134776] cloud-init[1142]: ci-info: +-------+--------------+----------+---------------+-----------+-------+
[   24.141758] cloud-init[1142]: ci-info: | Route | Destination  | Gateway  |    Genmask    | Interface | Flags |
[   24.159530] cloud-init[1142]: ci-info: +-------+--------------+----------+---------------+-----------+-------+
[   24.168826] cloud-init[1142]: ci-info: |   0   |   0.0.0.0    | 10.0.2.2 |    0.0.0.0    |   enp0s3  |   UG  |
[   24.177486] cloud-init[1142]: ci-info: |   1   |   10.0.2.0   | 0.0.0.0  | 255.255.255.0 |   enp0s3  |   U   |
[   24.187302] cloud-init[1142]: ci-info: |   2   | 192.168.33.0 | 0.0.0.0  | 255.255.255.0 |   enp0s8  |   U   |
[   24.195372] cloud-init[1142]: ci-info: +-------+--------------+----------+---------------+-----------+-------+
[   24.202192] cloud-init[1142]: ci-info: +++++++++++++++++++Route IPv6 info+++++++++++++++++++
[   24.209381] cloud-init[1142]: ci-info: +-------+-------------+---------+-----------+-------+
[   24.225428] cloud-init[1142]: ci-info: | Route | Destination | Gateway | Interface | Flags |
[   24.243043] cloud-init[1142]: ci-info: +-------+-------------+---------+-----------+-------+
[   24.249683] cloud-init[1142]: ci-info: |   0   |  fe80::/64  |    ::   |   enp0s8  |   U   |
[   24.256772] cloud-init[1142]: ci-info: |   1   |  fe80::/64  |    ::   |   enp0s3  |   U   |
[   24.262236] cloud-init[1142]: ci-info: |   6   |   ff00::/8  |    ::   |   enp0s8  |   U   |
[   24.269777] cloud-init[1142]: ci-info: |   7   |   ff00::/8  |    ::   |   enp0s3  |   U   |
[   24.282543] cloud-init[1142]: ci-info: +-------+-------------+---------+-----------+-------+
[[0;32m  OK  [0m] Started Initial cloud-init job (metadata service crawler).
[[0;32m  OK  [0m] Reached target System Initialization.
[[0;32m  OK  [0m] Listening on D-Bus System Message Bus Socket.
[[0;32m  OK  [0m] Started Daily apt download activities.
[[0;32m  OK  [0m] Started Daily Cleanup of Temporary Directories.
[[0;32m  OK  [0m] Started Message of the Day.
[[0;32m  OK  [0m] Started Daily apt upgrade and clean activities.
[[0;32m  OK  [0m] Listening on ACPID Listen Socket.
[[0;32m  OK  [0m] Started ACPI Events Check.
[[0;32m  OK  [0m] Reached target Paths.
[[0;32m  OK  [0m] Reached target Timers.
[[0;32m  OK  [0m] Listening on UUID daemon activation socket.
         Starting Socket activation for snappy daemon.
         Starting LXD - unix socket.
[[0;32m  OK  [0m] Reached target Cloud-config availability.
[[0;32m  OK  [0m] Reached target Network is Online.
         Starting iSCSI initiator daemon (iscsid)...
[[0;32m  OK  [0m] Listening on Socket activation for snappy daemon.
[[0;32m  OK  [0m] Listening on LXD - unix socket.
[[0;32m  OK  [0m] Reached target Sockets.
[[0;32m  OK  [0m] Reached target Basic System.
         Starting /etc/rc.local Compatibility...
         Starting PostgreSQL Cluster 9.5-main...
[[0;32m  OK  [0m] Started D-Bus System Message Bus.
[[0;32m  OK  [0m] Started Regular background program processing daemon.
[[0;32m  OK  [0m] Started ACPI event daemon.
         Starting System Logging Service...
         Starting Message of the Day...
[[0;32m  OK  [0m] Started FUSE filesystem for LXC.
         Starting LXD - container startup/shutdown...
[[0;32m  OK  [0m] Started Deferred execution scheduler.
         Starting vboxadd.service...
         Starting LSB: Record successful boot for GRUB...
         Starting Login Service...
         Starting Accounts Service...
         Starting OpenBSD Secure Shell server...
         Starting LSB: MD monitoring daemon...
         Starting Snappy daemon...
[[0;32m  OK  [0m] Started iSCSI initiator daemon (iscsid).
[[0;32m  OK  [0m] Started /etc/rc.local Compatibility.
         Starting Login to default iSCSI targets...
[[0;32m  OK  [0m] Started Login Service.
[[0;32m  OK  [0m] Started Unattended Upgrades Shutdown.
[[0;32m  OK  [0m] Started Login to default iSCSI targets.
[[0;32m  OK  [0m] Reached target Remote File Systems (Pre).
[[0;32m  OK  [0m] Reached target Remote File Systems.
         Starting LSB: automatic crash report generation...
         Starting LSB: Start/stop sysstat's sadc...
         Starting Permit User Sessions...
         Starting LSB: Set the CPU Frequency Scaling governor to "ondemand"...
         Starting LSB: daemon to balance interrupts for SMP systems...
[[0;32m  OK  [0m] Started System Logging Service.
[[0;32m  OK  [0m] Started LSB: Record successful boot for GRUB.
[[0;32m  OK  [0m] Started Permit User Sessions.
         Starting Hold until boot process finishes up...
         Starting Terminate Plymouth Boot Screen...
[[0;32m  OK  [0m] Started LSB: MD monitoring daemon.
[[0;32m  OK  [0m] Started Hold until boot process finishes up.
[[0;32m  OK  [0m] Started Getty on tty1.
[[0;32m  OK  [0m] Started Serial Getty on ttyS0.
[[0;32m  OK  [0m] Reached target Login Prompts.
         Starting Set console scheme...
[[0;32m  OK  [0m] Started Terminate Plymouth Boot Screen.
[[0;32m  OK  [0m] Started Set console scheme.
[[0;32m  OK  [0m] Started LSB: Start/stop sysstat's sadc.
[[0;32m  OK  [0m] Started LSB: Set the CPU Frequency Scaling governor to "ondemand".
         Starting Authenticate and Authorize Users to Run Privileged Tasks...
[[0;32m  OK  [0m] Started OpenBSD Secure Shell server.
[[0;32m  OK  [0m] Started LSB: automatic crash report generation.
[[0;32m  OK  [0m] Started LSB: daemon to balance interrupts for SMP systems.
[[0;32m  OK  [0m] Started Authenticate and Authorize Users to Run Privileged Tasks.
[[0;32m  OK  [0m] Started Accounts Service.
[[0;32m  OK  [0m] Started LXD - container startup/shutdown.
[[0;32m  OK  [0m] Created slice User Slice of vagrant.
         Starting User Manager for UID 1000...
[[0;32m  OK  [0m] Started Session 1 of user vagrant.
[[0;32m  OK  [0m] Started User Manager for UID 1000.

Ubuntu 16.04.6 LTS ubuntu-xenial ttyS0

ubuntu-xenial login: [   35.583353] cloud-init[1557]: Cloud-init v. 19.4-33-gbb4131a2-0ubuntu1~16.04.1 running 'modules:config' at Thu, 30 Apr 2020 14:10:05 +0000. Up 34.83 seconds.
[   42.704351] cloud-init[1739]: Cloud-init v. 19.4-33-gbb4131a2-0ubuntu1~16.04.1 running 'modules:final' at Thu, 30 Apr 2020 14:10:09 +0000. Up 38.42 seconds.
[   42.705418] cloud-init[1739]: Cloud-init v. 19.4-33-gbb4131a2-0ubuntu1~16.04.1 finished at Thu, 30 Apr 2020 14:10:13 +0000. Datasource DataSourceNoCloud [seed=/dev/sdb][dsmode=net].  Up 42.67 seconds
